
Map of Debug\FanControl.sm8 from link file Debug\FanControl.lkf - Wed Jan 15 23:30:46 2020


                               --------
                               Segments
                               --------

start 00008080 end 00008094 length    20 segment .const
start 000080bc end 00009415 length  4953 segment .text
start 00004000 end 00004080 length   128 segment .eeprom
start 00000000 end 0000001a length    26 segment .bsct, initialized
start 000080a1 end 000080bb length    26 segment .bsct, from
start 0000001a end 00000087 length   109 segment .ubsct
start 000087:0 end 000087:3 length     3 segment .bit, initialized
start 000080bb end 000080bc length     1 segment .bit, from
start 00000088 end 00000088 length     0 segment .share
start 00000100 end 00000100 length     0 segment .data
start 00000100 end 00000100 length     0 segment .bss
start 00000000 end 00000937 length  2359 segment .info.
start 00000000 end 0000e552 length 58706 segment .debug
start 00008000 end 00008080 length   128 segment .const
start 00008094 end 000080a1 length    13 segment .init


                               -------
                               Modules
                               -------

C:\Program Files (x86)\Cosmic\CXSTM8\lib\crtsi0.sm8:
start 000080bc end 0000810c length    80 section .text
start 00000100 end 00000100 length     0 section .bss
start 0000001a end 0000001a length     0 section .ubsct
start 00000000 end 00000034 length    52 section .info.

Debug\crc.o:
start 0000810c end 0000815d length    81 section .text
start 00000000 end 000001ce length   462 section .debug
start 00000034 end 0000009e length   106 section .info.

Debug\eeprom.o:
start 0000815d end 000081b2 length    85 section .text
start 000001ce end 00001b19 length  6475 section .debug
start 0000009e end 0000010b length   109 section .info.
start 00004000 end 00004080 length   128 section .eeprom

Debug\gasifs.o:
start 000081b2 end 0000848f length   733 section .text
start 0000001a end 00000036 length    28 section .ubsct
start 00001b19 end 0000382d length  7444 section .debug
start 0000010b end 00000178 length   109 section .info.

Debug\gasifs_hdls.o:
start 0000848f end 00008672 length   483 section .text
start 00000000 end 00000005 length     5 section .bsct
start 00000036 end 00000058 length    34 section .ubsct
start 0000382d end 0000536c length  6975 section .debug
start 00000178 end 000001ea length   114 section .info.
start 000087:0 end 000087:2 length     2 section .bit
start 00008080 end 00008084 length     4 section .const

Debug\gpio.o:
start 00008672 end 0000877f length   269 section .text
start 0000536c end 00005e66 length  2810 section .debug
start 000001ea end 00000255 length   107 section .info.

Debug\hex.o:
start 0000877f end 000087d3 length    84 section .text
start 00005e66 end 00005f81 length   283 section .debug
start 00000255 end 000002bf length   106 section .info.

Debug\led.o:
start 000087d3 end 00008915 length   322 section .text
start 00000058 end 0000005d length     5 section .ubsct
start 00005f81 end 000079bf length  6718 section .debug
start 000002bf end 00000329 length   106 section .info.
start 000087:2 end 000087:3 length     1 section .bit

Debug\main.o:
start 00008915 end 00008d2a length  1045 section .text
start 00000005 end 00000019 length    20 section .bsct
start 0000005d end 0000007d length    32 section .ubsct
start 000079bf end 000098e2 length  7971 section .debug
start 00000329 end 00000394 length   107 section .info.
start 00008084 end 00008094 length    16 section .const

Debug\params.o:
start 00008d2a end 00008f38 length   526 section .text
start 00000019 end 0000001a length     1 section .bsct
start 000098e2 end 0000b450 length  7022 section .debug
start 00000394 end 00000401 length   109 section .info.

Debug\sysinit.o:
start 00008f38 end 000090be length   390 section .text
start 0000b450 end 0000cc02 length  6066 section .debug
start 00000401 end 0000046f length   110 section .info.

Debug\utils.o:
start 000090be end 000090e3 length    37 section .text
start 0000cc02 end 0000e40f length  6157 section .debug
start 0000046f end 000004db length   108 section .info.

(C:\Program Files (x86)\Cosmic\CXSTM8\lib\libm0.sm8)bmulx.o:
start 000090e3 end 000090f1 length    14 section .text
start 000004db end 0000050b length    48 section .info.

(C:\Program Files (x86)\Cosmic\CXSTM8\lib\libm0.sm8)eeprom.o:
start 000090f1 end 00009157 length   102 section .text
start 0000050b end 0000053c length    49 section .info.

(C:\Program Files (x86)\Cosmic\CXSTM8\lib\libm0.sm8)itolx.o:
start 00009157 end 00009165 length    14 section .text
start 0000053c end 0000056c length    48 section .info.

(C:\Program Files (x86)\Cosmic\CXSTM8\lib\libm0.sm8)lcmp.o:
start 00009165 end 00009185 length    32 section .text
start 0000056c end 0000059b length    47 section .info.

(C:\Program Files (x86)\Cosmic\CXSTM8\lib\libm0.sm8)lgadd.o:
start 00009185 end 0000919c length    23 section .text
start 0000059b end 000005cb length    48 section .info.

(C:\Program Files (x86)\Cosmic\CXSTM8\lib\libm0.sm8)lgmul.o:
start 0000919c end 000091a4 length     8 section .text
start 000005cb end 000005fb length    48 section .info.

(C:\Program Files (x86)\Cosmic\CXSTM8\lib\libm0.sm8)lgsub.o:
start 000091a4 end 000091bb length    23 section .text
start 000005fb end 0000062b length    48 section .info.

(C:\Program Files (x86)\Cosmic\CXSTM8\lib\libm0.sm8)lmul.o:
start 000091bb end 00009246 length   139 section .text
start 0000062b end 0000065a length    47 section .info.

(C:\Program Files (x86)\Cosmic\CXSTM8\lib\libm0.sm8)lreg.o:
start 0000007d end 00000081 length     4 section .ubsct
start 0000065a end 00000689 length    47 section .info.

(C:\Program Files (x86)\Cosmic\CXSTM8\lib\libm0.sm8)ltor.o:
start 00009246 end 00009258 length    18 section .text
start 00000689 end 000006b8 length    47 section .info.

(C:\Program Files (x86)\Cosmic\CXSTM8\lib\libm0.sm8)ludiv.o:
start 00009258 end 0000926c length    20 section .text
start 000006b8 end 000006e8 length    48 section .info.

(C:\Program Files (x86)\Cosmic\CXSTM8\lib\libm0.sm8)ldiv.o:
start 0000926c end 00009357 length   235 section .text
start 000006e8 end 00000717 length    47 section .info.

(C:\Program Files (x86)\Cosmic\CXSTM8\lib\libm0.sm8)lgneg.o:
start 00009357 end 0000936a length    19 section .text
start 00000717 end 00000747 length    48 section .info.

(C:\Program Files (x86)\Cosmic\CXSTM8\lib\libm0.sm8)lneg.o:
start 0000936a end 0000937f length    21 section .text
start 00000747 end 00000776 length    47 section .info.

(C:\Program Files (x86)\Cosmic\CXSTM8\lib\libm0.sm8)rtol.o:
start 0000937f end 00009391 length    18 section .text
start 00000776 end 000007a5 length    47 section .info.

(C:\Program Files (x86)\Cosmic\CXSTM8\lib\libm0.sm8)smul.o:
start 00009391 end 000093d0 length    63 section .text
start 000007a5 end 000007d4 length    47 section .info.

(C:\Program Files (x86)\Cosmic\CXSTM8\lib\libm0.sm8)utolx.o:
start 000093d0 end 000093d7 length     7 section .text
start 000007d4 end 00000804 length    48 section .info.

(C:\Program Files (x86)\Cosmic\CXSTM8\lib\libm0.sm8)umul.o:
start 000093d7 end 00009413 length    60 section .text
start 00000804 end 00000833 length    47 section .info.

(C:\Program Files (x86)\Cosmic\CXSTM8\lib\libm0.sm8)xreg.o:
start 00000081 end 00000084 length     3 section .ubsct
start 00000833 end 00000862 length    47 section .info.

(C:\Program Files (x86)\Cosmic\CXSTM8\lib\libm0.sm8)yreg.o:
start 00000084 end 00000087 length     3 section .ubsct
start 00000862 end 00000891 length    47 section .info.

Debug\intvect.o:
start 00009413 end 00009415 length     2 section .text
start 0000e40f end 0000e552 length   323 section .debug
start 00000891 end 000008ff length   110 section .info.
start 00008000 end 00008080 length   128 section .const


                             -----------
                             Stack usage
                             -----------

Debug\crc.o:
_ComputeBlockCRC8                           15   (9)
_ComputeCRC8                                 6   (6)

Debug\eeprom.o:
_EraseEEPROMPage                             7   (5)
_UnlockEEPROM                                2   (2)

Debug\gasifs.o:
_GasifsAcknoledge                           29   (15)
_GasifsIOTransportTask                      20   (4)
_GasifsInit                                 18   (2)
_GasifsNACK                                 18   (2)
_GasifsProcess                              39   (2)
_GasifsReset                                16   (2)

Debug\gasifs_hdls.o:
_GasifsHCMD                                 37   (8)
_GasifsRREG                                 35   (6)
_GasifsWREG                                 37   (8)
_ValidateParameterValue                      7   (5)

Debug\gpio.o:
L3___GetPort                                 2   (2)
L5___GetPortFromPin                          4   (2)
_GPIO_Read                                  10   (6)
_GPIO_SetAllHighZ                       >    6   (4)
_GPIO_Setup                                 12   (8)
_GPIO_Toggle                                16   (5)
_GPIO_Write                                 11   (7)

Debug\hex.o:
_d2x                                         3   (3)
_x2d                                         3   (3)

Debug\intvect.o:
f_NonHandledInterrupt                   >    6   (6)

Debug\led.o:
_LED_Init                                    2   (2)
_LED_SetFallbackState                        2   (2)
_LED_SetState                                2   (2)
_LED_Task                                   14   (3)

Debug\main.o:
L1341_CheckGasifsKey                        34   (2)
L1441_CalculateDCINVoltage                  20   (6)
L3241_ReadTachoCaptureSafe                   4   (4)
L3341_CheckGasifsResetRequest                2   (2)
L5241_CalculateRPM                          24   (10)
L5341_IncrementGasifsCounter                 4   (2)
L7241_CheckGasifsParametersUpdateEvent      47   (6)
L7341_ADCTask                               22   (8)
_GetDeviceBUID                               2   (2)
_RS485_ToggleTransmitter                    14   (3)
_SetDutyCycle                               24   (10)
_SetTask                                    28   (4)
_SetupPWM                                   41   (13)
_main                                   >   51   (4)
f_TIM1_CAPCOM_IRQHandler                >   34   (20)

Debug\params.o:
L1241_GetNextIndex                           3   (3)
L7141_LocateStoredParametersSet             26   (11)
_LoadDefaultParameters                       2   (2)
_LoadParameters                             32   (6)
_SaveParameters                             21   (6)
_SetInfoRegisters                            2   (2)

Debug\sysinit.o:
_SystemInit                                 14   (2)

Debug\utils.o:
_BlankCheck                                  8   (8)

Stack size: 85


                              ---------
                              Call tree
                              ---------
   1 > _GPIO_SetAllHighZ: (4)
   2      + L3___GetPort: (2)
       
   3 > __stext: (0)

   4 > _main: (4)
   5      + L1341_CheckGasifsKey: (2)
   6      |    + _LoadDefaultParameters: (2)
   7      |    + _LoadParameters: (6)
   8      |    |    + L7141_LocateStoredParametersSet: (11)
   9      |    |    |    + _ComputeBlockCRC8: (9)
  10      |    |    |    |    + _ComputeCRC8: (6)
          |    |    |    | 
          |    |    | 
  11      |    |    + _LoadDefaultParameters --> 6
          |    | 
  12      |    + _SaveParameters: (6)
  13      |    |    + L1241_GetNextIndex: (3)
  14      |    |    + _BlankCheck: (8)
  15      |    |    + _ComputeBlockCRC8 --> 9
  16      |    |    + _EraseEEPROMPage: (5)
  17      |    |    |    + _UnlockEEPROM: (2)
          |    |    | 
  18      |    |    + _UnlockEEPROM --> 17
          |    | 
          | 
  19      + L1441_CalculateDCINVoltage: (6)
  20      + L3341_CheckGasifsResetRequest: (2)
  21      + L5241_CalculateRPM: (10)
  22      |    + L3241_ReadTachoCaptureSafe: (4)
          | 
  23      + L5341_IncrementGasifsCounter: (2)
  24      + L7241_CheckGasifsParametersUpdateEvent: (6)
  25      |    + _SetupPWM: (13)
  26      |    |    + _SetTask: (4)
  27      |    |    |    + _SetDutyCycle: (10)
          |    |    | 
          |    | 
          | 
  28      + L7341_ADCTask: (8)
  29      + _GPIO_Toggle: (5)
  30      |    + _GPIO_Read: (6)
  31      |    |    + L5___GetPortFromPin: (2)
  32      |    |    |    + L3___GetPort --> 2
          |    |    | 
          |    | 
  33      |    + _GPIO_Write: (7)
  34      |    |    + L5___GetPortFromPin --> 31
          |    | 
          | 
  35      + _GasifsIOTransportTask: (4)
  36      |    + _GasifsReset: (2)
  37      |    |    + _RS485_ToggleTransmitter: (3)
  38      |    |    |    + _GPIO_Write --> 33
          |    |    | 
          |    | 
  39      |    + _GetDeviceBUID: (2)
  40      |    + _x2d: (3)
          | 
  41      + _GasifsInit: (2)
  42      |    + _GasifsReset --> 36
          | 
  43      + _GasifsProcess: (2)
  44      |    + _GasifsHCMD: (8)
  45      |    |    + _GasifsAcknoledge: (15)
  46      |    |    |    + _GetDeviceBUID --> 39
  47      |    |    |    + _RS485_ToggleTransmitter --> 37
  48      |    |    |    + _d2x: (3)
          |    |    | 
  49      |    |    + _GasifsNACK: (2)
  50      |    |    |    + _GasifsReset --> 36
          |    |    | 
  51      |    |    + _SetTask --> 26
          |    | 
  52      |    + _GasifsRREG: (6)
  53      |    |    + _GasifsAcknoledge --> 45
  54      |    |    + _GasifsNACK --> 49
          |    | 
  55      |    + _GasifsWREG: (8)
  56      |    |    + _GasifsAcknoledge --> 45
  57      |    |    + _GasifsNACK --> 49
  58      |    |    + _ValidateParameterValue: (5)
          |    | 
          | 
  59      + _LED_Init: (2)
  60      + _LED_SetFallbackState: (2)
  61      + _LED_SetState: (2)
  62      + _LED_Task: (3)
  63      |    + _GPIO_Write --> 33
  64      |    + _LED_SetState --> 61
          | 
  65      + _LoadParameters --> 7
  66      + _SetInfoRegisters: (2)
  67      + _SetupPWM --> 25
  68      + _SystemInit: (2)
  69      |    + _GPIO_Setup: (8)
  70      |    |    + L5___GetPortFromPin --> 31
          |    | 
          | 
       
  71 > f_NonHandledInterrupt: (6)

  72 > f_TIM1_CAPCOM_IRQHandler: (20)

  73   L1241_GetNextIndex --> 13

  74   L1341_CheckGasifsKey --> 5

  75   L1441_CalculateDCINVoltage --> 19

  76   L3241_ReadTachoCaptureSafe --> 22

  77   L3341_CheckGasifsResetRequest --> 20

  78   L3___GetPort --> 2

  79   L5241_CalculateRPM --> 21

  80   L5341_IncrementGasifsCounter --> 23

  81   L5___GetPortFromPin --> 31

  82   L7141_LocateStoredParametersSet --> 8

  83   L7241_CheckGasifsParametersUpdateEvent --> 24

  84   L7341_ADCTask --> 28

  85   _BlankCheck --> 14

  86   _ComputeBlockCRC8 --> 9

  87   _ComputeCRC8 --> 10

  88   _EraseEEPROMPage --> 16

  89   _GPIO_Read --> 30

  90   _GPIO_Setup --> 69

  91   _GPIO_Toggle --> 29

  92   _GPIO_Write --> 33

  93   _GasifsAcknoledge --> 45

  94   _GasifsHCMD --> 44

  95   _GasifsIOTransportTask --> 35

  96   _GasifsInit --> 41

  97   _GasifsNACK --> 49

  98   _GasifsProcess --> 43

  99   _GasifsRREG --> 52

 100   _GasifsReset --> 36

 101   _GasifsWREG --> 55

 102   _GetDeviceBUID --> 39

 103   _LED_Init --> 59

 104   _LED_SetFallbackState --> 60

 105   _LED_SetState --> 61

 106   _LED_Task --> 62

 107   _LoadDefaultParameters --> 6

 108   _LoadParameters --> 7

 109   _RS485_ToggleTransmitter --> 37

 110   _SaveParameters --> 12

 111   _SetDutyCycle --> 27

 112   _SetInfoRegisters --> 66

 113   _SetTask --> 26

 114   _SetupPWM --> 25

 115   _SystemInit --> 68

 116   _UnlockEEPROM --> 17

 117   _ValidateParameterValue --> 58

 118   _d2x --> 48

 119   _x2d --> 40



                               -------
                               Symbols
                               -------

_ADC_AWCRH                 0000540e   defined in Debug\eeprom.o
_ADC_AWCRL                 0000540f   defined in Debug\eeprom.o
_ADC_AWSRH                 0000540c   defined in Debug\eeprom.o
_ADC_AWSRL                 0000540d   defined in Debug\eeprom.o
_ADC_CR1                   00005401   defined in Debug\eeprom.o
_ADC_CR2                   00005402   defined in Debug\eeprom.o
_ADC_CR3                   00005403   defined in Debug\eeprom.o
_ADC_CSR                   00005400   defined in Debug\eeprom.o
_ADC_DRH                   00005404   defined in Debug\eeprom.o
_ADC_DRL                   00005405   defined in Debug\eeprom.o
_ADC_HTRH                  00005408   defined in Debug\eeprom.o
_ADC_HTRL                  00005409   defined in Debug\eeprom.o
_ADC_LTRH                  0000540a   defined in Debug\eeprom.o
_ADC_LTRL                  0000540b   defined in Debug\eeprom.o
_ADC_TDRH                  00005406   defined in Debug\eeprom.o
_ADC_TDRL                  00005407   defined in Debug\eeprom.o
_AWU_APR                   000050f1   defined in Debug\eeprom.o
_AWU_CSR1                  000050f0   defined in Debug\eeprom.o
_AWU_TBR                   000050f2   defined in Debug\eeprom.o
_BEEP_CSR                  000050f3   defined in Debug\eeprom.o
_BlankCheck                000090be   defined in Debug\utils.o section .text
                                      used in Debug\params.o
_CFG_GCR                   00007f60   defined in Debug\eeprom.o
_CLK_CANCCR                000050cb   defined in Debug\eeprom.o
_CLK_CCOR                  000050c9   defined in Debug\eeprom.o
_CLK_CKDIVR                000050c6   defined in Debug\eeprom.o
_CLK_CMSR                  000050c3   defined in Debug\eeprom.o
_CLK_CSSR                  000050c8   defined in Debug\eeprom.o
_CLK_ECKCR                 000050c1   defined in Debug\eeprom.o
_CLK_HSITRIMR              000050cc   defined in Debug\eeprom.o
_CLK_ICKCR                 000050c0   defined in Debug\eeprom.o
_CLK_PCKENR1               000050c7   defined in Debug\eeprom.o
_CLK_PCKENR2               000050ca   defined in Debug\eeprom.o
_CLK_SWCR                  000050c5   defined in Debug\eeprom.o
_CLK_SWIMCCR               000050cd   defined in Debug\eeprom.o
_CLK_SWR                   000050c4   defined in Debug\eeprom.o
_ComputeBlockCRC8          00008134   defined in Debug\crc.o section .text
                                      used in Debug\params.o
_ComputeCRC8               0000810c   defined in Debug\crc.o section .text
_DM_BK1RE                  00007f90   defined in Debug\eeprom.o
_DM_BK1RH                  00007f91   defined in Debug\eeprom.o
_DM_BK1RL                  00007f92   defined in Debug\eeprom.o
_DM_BK2RE                  00007f93   defined in Debug\eeprom.o
_DM_BK2RH                  00007f94   defined in Debug\eeprom.o
_DM_BK2RL                  00007f95   defined in Debug\eeprom.o
_DM_CR1                    00007f96   defined in Debug\eeprom.o
_DM_CR2                    00007f97   defined in Debug\eeprom.o
_DM_CSR1                   00007f98   defined in Debug\eeprom.o
_DM_CSR2                   00007f99   defined in Debug\eeprom.o
_DM_ENFCTR                 00007f9a   defined in Debug\eeprom.o
_EXTI_CR1                  000050a0   defined in Debug\eeprom.o
_EXTI_CR2                  000050a1   defined in Debug\eeprom.o
_EraseEEPROMPage           0000815d   defined in Debug\eeprom.o section .text
                                      used in Debug\params.o
_FLASH_CR1                 0000505a   defined in Debug\eeprom.o
_FLASH_CR2                 0000505b   defined in Debug\eeprom.o
                                      used in (C:\Program Files (x86)\Cosmic\CXSTM8\lib\libm0.sm8)eeprom.o
_FLASH_DUKR                00005064   defined in Debug\eeprom.o
_FLASH_FPR                 0000505d   defined in Debug\eeprom.o
_FLASH_IAPSR               0000505f   defined in Debug\eeprom.o
                                      used in (C:\Program Files (x86)\Cosmic\CXSTM8\lib\libm0.sm8)eeprom.o
_FLASH_NCR2                0000505c   defined in Debug\eeprom.o
                                      used in (C:\Program Files (x86)\Cosmic\CXSTM8\lib\libm0.sm8)eeprom.o
_FLASH_NFPR                0000505e   defined in Debug\eeprom.o
_FLASH_PUKR                00005062   defined in Debug\eeprom.o
_GPIO_Read                 000086ea   defined in Debug\gpio.o section .text
_GPIO_SetAllHighZ          0000873a   defined in Debug\gpio.o section .text
_GPIO_Setup                00008672   defined in Debug\gpio.o section .text
                                      used in Debug\sysinit.o
_GPIO_Toggle               0000871e   defined in Debug\gpio.o section .text
                                      used in Debug\main.o
_GPIO_Write                00008700   defined in Debug\gpio.o section .text
                                      used in Debug\led.o Debug\main.o
_GasifsAcknoledge          0000839a   defined in Debug\gasifs.o section .text
                                      used in Debug\gasifs_hdls.o
_GasifsHCMD                0000848f   defined in Debug\gasifs_hdls.o section .text
                                      used in Debug\gasifs.o
_GasifsIOTransportTask     000081d2   defined in Debug\gasifs.o section .text
                                      used in Debug\main.o
_GasifsInit                000081b2   defined in Debug\gasifs.o section .text
                                      used in Debug\main.o
_GasifsNACK                00008481   defined in Debug\gasifs.o section .text
                                      used in Debug\gasifs_hdls.o
_GasifsProcess             00008356   defined in Debug\gasifs.o section .text
                                      used in Debug\main.o
_GasifsRREG                000084f6   defined in Debug\gasifs_hdls.o section .text
                                      used in Debug\gasifs.o
_GasifsReset               000081b5   defined in Debug\gasifs.o section .text
_GasifsWREG                00008560   defined in Debug\gasifs_hdls.o section .text
                                      used in Debug\gasifs.o
_GetDeviceBUID             00008a54   defined in Debug\main.o section .text
                                      used in Debug\gasifs.o
_I2C_CCRH                  0000521c   defined in Debug\eeprom.o
_I2C_CCRL                  0000521b   defined in Debug\eeprom.o
_I2C_CR1                   00005210   defined in Debug\eeprom.o
_I2C_CR2                   00005211   defined in Debug\eeprom.o
_I2C_DR                    00005216   defined in Debug\eeprom.o
_I2C_FREQR                 00005212   defined in Debug\eeprom.o
_I2C_ITR                   0000521a   defined in Debug\eeprom.o
_I2C_OARH                  00005214   defined in Debug\eeprom.o
_I2C_OARL                  00005213   defined in Debug\eeprom.o
_I2C_PECR                  0000521e   defined in Debug\eeprom.o
_I2C_SR1                   00005217   defined in Debug\eeprom.o
_I2C_SR2                   00005218   defined in Debug\eeprom.o
_I2C_SR3                   00005219   defined in Debug\eeprom.o
_I2C_TRISER                0000521d   defined in Debug\eeprom.o
_ITC_SPR1                  00007f70   defined in Debug\eeprom.o
_ITC_SPR2                  00007f71   defined in Debug\eeprom.o
_ITC_SPR3                  00007f72   defined in Debug\eeprom.o
_ITC_SPR4                  00007f73   defined in Debug\eeprom.o
_ITC_SPR5                  00007f74   defined in Debug\eeprom.o
_ITC_SPR6                  00007f75   defined in Debug\eeprom.o
_ITC_SPR7                  00007f76   defined in Debug\eeprom.o
_ITC_SPR8                  00007f77   defined in Debug\eeprom.o
_IWDG_KR                   000050e0   defined in Debug\eeprom.o
_IWDG_PR                   000050e1   defined in Debug\eeprom.o
_IWDG_RLR                  000050e2   defined in Debug\eeprom.o
_LED_Init                  000087d3   defined in Debug\led.o section .text
                                      used in Debug\main.o
_LED_SetFallbackState      000087e3   defined in Debug\led.o section .text
                                      used in Debug\main.o
_LED_SetState              000087e6   defined in Debug\led.o section .text
                                      used in Debug\main.o
_LED_Task                  000087fe   defined in Debug\led.o section .text
                                      used in Debug\main.o
_LoadDefaultParameters     00008d40   defined in Debug\params.o section .text
                                      used in Debug\main.o
_LoadParameters            00008d63   defined in Debug\params.o section .text
                                      used in Debug\main.o
_PA_CR1                    00005003   defined in Debug\eeprom.o
_PA_CR2                    00005004   defined in Debug\eeprom.o
_PA_DDR                    00005002   defined in Debug\eeprom.o
_PA_IDR                    00005001   defined in Debug\eeprom.o
_PA_ODR                    00005000   defined in Debug\eeprom.o
_PB_CR1                    00005008   defined in Debug\eeprom.o
_PB_CR2                    00005009   defined in Debug\eeprom.o
_PB_DDR                    00005007   defined in Debug\eeprom.o
_PB_IDR                    00005006   defined in Debug\eeprom.o
_PB_ODR                    00005005   defined in Debug\eeprom.o
_PC_CR1                    0000500d   defined in Debug\eeprom.o
_PC_CR2                    0000500e   defined in Debug\eeprom.o
_PC_DDR                    0000500c   defined in Debug\eeprom.o
_PC_IDR                    0000500b   defined in Debug\eeprom.o
_PC_ODR                    0000500a   defined in Debug\eeprom.o
_PD_CR1                    00005012   defined in Debug\eeprom.o
_PD_CR2                    00005013   defined in Debug\eeprom.o
_PD_DDR                    00005011   defined in Debug\eeprom.o
_PD_IDR                    00005010   defined in Debug\eeprom.o
_PD_ODR                    0000500f   defined in Debug\eeprom.o
_PE_CR1                    00005017   defined in Debug\eeprom.o
_PE_CR2                    00005018   defined in Debug\eeprom.o
_PE_DDR                    00005016   defined in Debug\eeprom.o
_PE_IDR                    00005015   defined in Debug\eeprom.o
_PE_ODR                    00005014   defined in Debug\eeprom.o
_PF_CR1                    0000501c   defined in Debug\eeprom.o
_PF_CR2                    0000501d   defined in Debug\eeprom.o
_PF_DDR                    0000501b   defined in Debug\eeprom.o
_PF_IDR                    0000501a   defined in Debug\eeprom.o
_PF_ODR                    00005019   defined in Debug\eeprom.o
_RS485_ToggleTransmitter   00008a57   defined in Debug\main.o section .text
                                      used in Debug\gasifs.o
_RST_SR                    000050b3   defined in Debug\eeprom.o
_SPI_CR1                   00005200   defined in Debug\eeprom.o
_SPI_CR2                   00005201   defined in Debug\eeprom.o
_SPI_CRCPR                 00005205   defined in Debug\eeprom.o
_SPI_DR                    00005204   defined in Debug\eeprom.o
_SPI_ICR                   00005202   defined in Debug\eeprom.o
_SPI_RXCRCR                00005206   defined in Debug\eeprom.o
_SPI_SR                    00005203   defined in Debug\eeprom.o
_SPI_TXCRCR                00005207   defined in Debug\eeprom.o
_SWIM_CSR                  00007f80   defined in Debug\eeprom.o
_SaveParameters            00008daa   defined in Debug\params.o section .text
                                      used in Debug\main.o
_SetDutyCycle              00008b00   defined in Debug\main.o section .text
_SetInfoRegisters          00008d2a   defined in Debug\params.o section .text
                                      used in Debug\main.o
_SetTask                   000089d6   defined in Debug\main.o section .text
                                      used in Debug\gasifs_hdls.o
_SetupPWM                  00008a6d   defined in Debug\main.o section .text
_SystemInit                00008f38   defined in Debug\sysinit.o section .text
                                      used in Debug\main.o
_TIM1_ARRH                 00005262   defined in Debug\eeprom.o
_TIM1_ARRL                 00005263   defined in Debug\eeprom.o
_TIM1_BKR                  0000526d   defined in Debug\eeprom.o
_TIM1_CCER1                0000525c   defined in Debug\eeprom.o
_TIM1_CCER2                0000525d   defined in Debug\eeprom.o
_TIM1_CCMR1                00005258   defined in Debug\eeprom.o
_TIM1_CCMR2                00005259   defined in Debug\eeprom.o
_TIM1_CCMR3                0000525a   defined in Debug\eeprom.o
_TIM1_CCMR4                0000525b   defined in Debug\eeprom.o
_TIM1_CCR1H                00005265   defined in Debug\eeprom.o
_TIM1_CCR1L                00005266   defined in Debug\eeprom.o
_TIM1_CCR2H                00005267   defined in Debug\eeprom.o
_TIM1_CCR2L                00005268   defined in Debug\eeprom.o
_TIM1_CCR3H                00005269   defined in Debug\eeprom.o
_TIM1_CCR3L                0000526a   defined in Debug\eeprom.o
_TIM1_CCR4H                0000526b   defined in Debug\eeprom.o
_TIM1_CCR4L                0000526c   defined in Debug\eeprom.o
_TIM1_CNTRH                0000525e   defined in Debug\eeprom.o
_TIM1_CNTRL                0000525f   defined in Debug\eeprom.o
_TIM1_CR1                  00005250   defined in Debug\eeprom.o
_TIM1_CR2                  00005251   defined in Debug\eeprom.o
_TIM1_DTR                  0000526e   defined in Debug\eeprom.o
_TIM1_EGR                  00005257   defined in Debug\eeprom.o
_TIM1_ETR                  00005253   defined in Debug\eeprom.o
_TIM1_IER                  00005254   defined in Debug\eeprom.o
_TIM1_OISR                 0000526f   defined in Debug\eeprom.o
_TIM1_PSCRH                00005260   defined in Debug\eeprom.o
_TIM1_PSCRL                00005261   defined in Debug\eeprom.o
_TIM1_RCR                  00005264   defined in Debug\eeprom.o
_TIM1_SMCR                 00005252   defined in Debug\eeprom.o
_TIM1_SR1                  00005255   defined in Debug\eeprom.o
_TIM1_SR2                  00005256   defined in Debug\eeprom.o
_TIM2_ARRH                 0000530f   defined in Debug\eeprom.o
_TIM2_ARRL                 00005310   defined in Debug\eeprom.o
_TIM2_CCER1                0000530a   defined in Debug\eeprom.o
_TIM2_CCER2                0000530b   defined in Debug\eeprom.o
_TIM2_CCMR1                00005307   defined in Debug\eeprom.o
_TIM2_CCMR2                00005308   defined in Debug\eeprom.o
_TIM2_CCMR3                00005309   defined in Debug\eeprom.o
_TIM2_CCR1H                00005311   defined in Debug\eeprom.o
_TIM2_CCR1L                00005312   defined in Debug\eeprom.o
_TIM2_CCR2H                00005313   defined in Debug\eeprom.o
_TIM2_CCR2L                00005314   defined in Debug\eeprom.o
_TIM2_CCR3H                00005315   defined in Debug\eeprom.o
_TIM2_CCR3L                00005316   defined in Debug\eeprom.o
_TIM2_CNTRH                0000530c   defined in Debug\eeprom.o
_TIM2_CNTRL                0000530d   defined in Debug\eeprom.o
_TIM2_CR1                  00005300   defined in Debug\eeprom.o
_TIM2_EGR                  00005306   defined in Debug\eeprom.o
_TIM2_IER                  00005303   defined in Debug\eeprom.o
_TIM2_PSCR                 0000530e   defined in Debug\eeprom.o
_TIM2_SR1                  00005304   defined in Debug\eeprom.o
_TIM2_SR2                  00005305   defined in Debug\eeprom.o
_TIM4_ARR                  00005348   defined in Debug\eeprom.o
_TIM4_CNTR                 00005346   defined in Debug\eeprom.o
_TIM4_CR1                  00005340   defined in Debug\eeprom.o
_TIM4_EGR                  00005345   defined in Debug\eeprom.o
_TIM4_IER                  00005343   defined in Debug\eeprom.o
_TIM4_PSCR                 00005347   defined in Debug\eeprom.o
_TIM4_SR                   00005344   defined in Debug\eeprom.o
_UART1_BRR1                00005232   defined in Debug\eeprom.o
_UART1_BRR2                00005233   defined in Debug\eeprom.o
_UART1_CR1                 00005234   defined in Debug\eeprom.o
_UART1_CR2                 00005235   defined in Debug\eeprom.o
_UART1_CR3                 00005236   defined in Debug\eeprom.o
_UART1_CR4                 00005237   defined in Debug\eeprom.o
_UART1_CR5                 00005238   defined in Debug\eeprom.o
_UART1_DR                  00005231   defined in Debug\eeprom.o
_UART1_GTR                 00005239   defined in Debug\eeprom.o
_UART1_PSCR                0000523a   defined in Debug\eeprom.o
_UART1_SR                  00005230   defined in Debug\eeprom.o
_UnlockEEPROM              000081a2   defined in Debug\eeprom.o section .text
                                      used in Debug\params.o
_ValidateParameterValue    00008600   defined in Debug\gasifs_hdls.o section .text
_WWDG_CR                   000050d1   defined in Debug\eeprom.o
_WWDG_WR                   000050d2   defined in Debug\eeprom.o
__endmem                   000001ff   defined in command file
                                      *** not used ***
__endzp                    00000087   defined in command file section .ubsct
                                      used in C:\Program Files (x86)\Cosmic\CXSTM8\lib\crtsi0.sm8
__idesc__                  00008094   defined in linker section .init
                                      used in C:\Program Files (x86)\Cosmic\CXSTM8\lib\crtsi0.sm8
__memory                   00000100   defined in command file section .bss
                                      used in C:\Program Files (x86)\Cosmic\CXSTM8\lib\crtsi0.sm8
__stack                    000003ff   defined in command file
                                      used in C:\Program Files (x86)\Cosmic\CXSTM8\lib\crtsi0.sm8
__startmem                 00000100   defined in command file section .bss
                                      *** not used ***
__stext                    000080bc   defined in C:\Program Files (x86)\Cosmic\CXSTM8\lib\crtsi0.sm8 section .text
                                      used in Debug\intvect.o
__vectab                   00008000   defined in Debug\intvect.o section .const
_d2x                       0000877f   defined in Debug\hex.o section .text
                                      used in Debug\gasifs.o
_exit                      0000810a   defined in C:\Program Files (x86)\Cosmic\CXSTM8\lib\crtsi0.sm8 section .text
_g_EEPROMStorage           00004000   defined in Debug\eeprom.o section .eeprom
                                      used in Debug\params.o
_g_GasifsVars              00000036   defined in Debug\gasifs_hdls.o section .ubsct
                                      used in Debug\main.o Debug\params.o
_g_LastParamChanged        00000002   defined in Debug\gasifs_hdls.o section .bsct, initialized
                                      used in Debug\main.o
_g_ParamKey                00000000   defined in Debug\gasifs_hdls.o section .bsct, initialized
                                      used in Debug\main.o
_g_ParamsUpdateEvent       000087:0   defined in Debug\gasifs_hdls.o section .bit, initialized
                                      used in Debug\main.o
_g_ResetRequested          000087:1   defined in Debug\gasifs_hdls.o section .bit, initialized
                                      used in Debug\main.o
_main                      00008915   defined in Debug\main.o section .text
                                      used in C:\Program Files (x86)\Cosmic\CXSTM8\lib\crtsi0.sm8
_x2d                       0000879a   defined in Debug\hex.o section .text
                                      used in Debug\gasifs.o
c_bmulx                    000090e3   defined in (C:\Program Files (x86)\Cosmic\CXSTM8\lib\libm0.sm8)bmulx.o section .text
                                      used in Debug\main.o
c_divsl                    0000926c   defined in (C:\Program Files (x86)\Cosmic\CXSTM8\lib\libm0.sm8)ldiv.o section .text
                                      *** not used ***
c_divul                    00009283   defined in (C:\Program Files (x86)\Cosmic\CXSTM8\lib\libm0.sm8)ldiv.o section .text
                                      used in (C:\Program Files (x86)\Cosmic\CXSTM8\lib\libm0.sm8)ludiv.o
c_eewrc                    00009107   defined in (C:\Program Files (x86)\Cosmic\CXSTM8\lib\libm0.sm8)eeprom.o section .text
                                      used in Debug\params.o
c_eewrd                    0000913a   defined in (C:\Program Files (x86)\Cosmic\CXSTM8\lib\libm0.sm8)eeprom.o section .text
                                      *** not used ***
c_eewrw                    000090f1   defined in (C:\Program Files (x86)\Cosmic\CXSTM8\lib\libm0.sm8)eeprom.o section .text
                                      used in Debug\params.o
c_itolx                    00009157   defined in (C:\Program Files (x86)\Cosmic\CXSTM8\lib\libm0.sm8)itolx.o section .text
                                      used in Debug\main.o
c_lcmp                     00009165   defined in (C:\Program Files (x86)\Cosmic\CXSTM8\lib\libm0.sm8)lcmp.o section .text
                                      used in Debug\gasifs_hdls.o Debug\main.o
c_lgadd                    00009185   defined in (C:\Program Files (x86)\Cosmic\CXSTM8\lib\libm0.sm8)lgadd.o section .text
                                      used in Debug\main.o
c_lgmul                    0000919c   defined in (C:\Program Files (x86)\Cosmic\CXSTM8\lib\libm0.sm8)lgmul.o section .text
                                      used in Debug\main.o
c_lgneg                    00009357   defined in (C:\Program Files (x86)\Cosmic\CXSTM8\lib\libm0.sm8)lgneg.o section .text
                                      used in (C:\Program Files (x86)\Cosmic\CXSTM8\lib\libm0.sm8)ldiv.o
c_lgsub                    000091a4   defined in (C:\Program Files (x86)\Cosmic\CXSTM8\lib\libm0.sm8)lgsub.o section .text
                                      used in Debug\main.o
c_lmul                     000091bb   defined in (C:\Program Files (x86)\Cosmic\CXSTM8\lib\libm0.sm8)lmul.o section .text
                                      used in (C:\Program Files (x86)\Cosmic\CXSTM8\lib\libm0.sm8)lgmul.o
c_lmulc                    000091c3   defined in (C:\Program Files (x86)\Cosmic\CXSTM8\lib\libm0.sm8)lmul.o section .text
                                      *** not used ***
c_lneg                     0000936a   defined in (C:\Program Files (x86)\Cosmic\CXSTM8\lib\libm0.sm8)lneg.o section .text
                                      used in (C:\Program Files (x86)\Cosmic\CXSTM8\lib\libm0.sm8)ldiv.o
c_lreg                     0000007d   defined in (C:\Program Files (x86)\Cosmic\CXSTM8\lib\libm0.sm8)lreg.o section .ubsct
                                      used in Debug\main.o
                                              (C:\Program Files (x86)\Cosmic\CXSTM8\lib\libm0.sm8)eeprom.o
                                              (C:\Program Files (x86)\Cosmic\CXSTM8\lib\libm0.sm8)itolx.o
                                              (C:\Program Files (x86)\Cosmic\CXSTM8\lib\libm0.sm8)lcmp.o
                                              (C:\Program Files (x86)\Cosmic\CXSTM8\lib\libm0.sm8)lgadd.o
                                              (C:\Program Files (x86)\Cosmic\CXSTM8\lib\libm0.sm8)lgsub.o
                                              (C:\Program Files (x86)\Cosmic\CXSTM8\lib\libm0.sm8)lmul.o
                                              (C:\Program Files (x86)\Cosmic\CXSTM8\lib\libm0.sm8)ltor.o
                                              (C:\Program Files (x86)\Cosmic\CXSTM8\lib\libm0.sm8)ldiv.o
                                              (C:\Program Files (x86)\Cosmic\CXSTM8\lib\libm0.sm8)lneg.o
                                              (C:\Program Files (x86)\Cosmic\CXSTM8\lib\libm0.sm8)rtol.o
                                              (C:\Program Files (x86)\Cosmic\CXSTM8\lib\libm0.sm8)smul.o
                                              (C:\Program Files (x86)\Cosmic\CXSTM8\lib\libm0.sm8)utolx.o
                                              (C:\Program Files (x86)\Cosmic\CXSTM8\lib\libm0.sm8)umul.o
c_ltor                     00009246   defined in (C:\Program Files (x86)\Cosmic\CXSTM8\lib\libm0.sm8)ltor.o section .text
                                      used in Debug\main.o
c_ludv                     00009258   defined in (C:\Program Files (x86)\Cosmic\CXSTM8\lib\libm0.sm8)ludiv.o section .text
                                      used in Debug\main.o
c_rtol                     0000937f   defined in (C:\Program Files (x86)\Cosmic\CXSTM8\lib\libm0.sm8)rtol.o section .text
                                      used in Debug\main.o
                                              (C:\Program Files (x86)\Cosmic\CXSTM8\lib\libm0.sm8)lgmul.o
c_smul                     00009391   defined in (C:\Program Files (x86)\Cosmic\CXSTM8\lib\libm0.sm8)smul.o section .text
                                      used in Debug\main.o
c_uitolx                   000093d0   defined in (C:\Program Files (x86)\Cosmic\CXSTM8\lib\libm0.sm8)utolx.o section .text
                                      used in Debug\gasifs_hdls.o Debug\main.o
c_umul                     000093d7   defined in (C:\Program Files (x86)\Cosmic\CXSTM8\lib\libm0.sm8)umul.o section .text
                                      used in Debug\main.o
c_x                        00000081   defined in (C:\Program Files (x86)\Cosmic\CXSTM8\lib\libm0.sm8)xreg.o section .ubsct
                                      used in C:\Program Files (x86)\Cosmic\CXSTM8\lib\crtsi0.sm8
                                              Debug\main.o
                                              (C:\Program Files (x86)\Cosmic\CXSTM8\lib\libm0.sm8)bmulx.o
                                              (C:\Program Files (x86)\Cosmic\CXSTM8\lib\libm0.sm8)lmul.o
                                              (C:\Program Files (x86)\Cosmic\CXSTM8\lib\libm0.sm8)ldiv.o
                                              (C:\Program Files (x86)\Cosmic\CXSTM8\lib\libm0.sm8)umul.o
c_y                        00000084   defined in (C:\Program Files (x86)\Cosmic\CXSTM8\lib\libm0.sm8)yreg.o section .ubsct
                                      used in C:\Program Files (x86)\Cosmic\CXSTM8\lib\crtsi0.sm8
                                              (C:\Program Files (x86)\Cosmic\CXSTM8\lib\libm0.sm8)umul.o
f_NonHandledInterrupt      00009413   defined in Debug\intvect.o section .text
f_TIM1_CAPCOM_IRQHandler   00008b3e   defined in Debug\main.o section .text
                                      used in Debug\intvect.o
